Run a container

Usage:
  run [flags]

Flags:
      --cpus float             Number of CPUs (default 1)
  -d, --detach                 Run container in background and print container ID
      --domainname string      Container NIS domain name
  -e, --env stringArray        Set environment variables
      --env-file stringArray   Path to environment files to be translated as environment variables
  -l, --label stringArray      Set meta data on a container
  -m, --memory bytes           Memory limit
      --name string            Assign a name to the container
  -p, --publish stringArray    Publish a container's port(s). [HOST_PORT:]CONTAINER_PORT
      --restart string         Restart policy to apply when a container exits (default "none")
  -v, --volume stringArray     Volume. Ex: storageaccount/my_share[:/absolute/path/to/target][:ro]
