[
    {
        "Name": "default",
        "Metadata": {
            "Description": "Current DOCKER_HOST based configuration",
            "StackOrchestrator": "swarm",
            "Type": "moby"
        },
        "Endpoints": {
            "docker": {
                "Host": "unix:///var/run/docker.sock"
            },
            "kubernetes": {}
        }
    }
]
